{"name":"my-tailordb","tables":[{"name":"Product","type":"TailorDB.Type","comment":"Product model","columns":[{"name":"id","type":"uuid","nullable":false},{"name":"shopifyID","type":"string","nullable":true,"comment":"Shopify product ID"},{"name":"title","type":"string","nullable":true,"comment":"Product title"},{"name":"handle","type":"string","nullable":true,"comment":"Product handle"},{"name":"description","type":"string","nullable":true,"comment":"Product description"},{"name":"featuredImageID","type":"uuid","nullable":true,"comment":"Featured image ID"},{"name":"featuredImage","type":"ProductImage","nullable":true,"comment":"Featured image of the product"}]},{"name":"ProductImage","type":"TailorDB.Type","comment":"ProductImage model","columns":[{"name":"id","type":"uuid","nullable":false},{"name":"url","type":"string","nullable":true,"comment":"Image URL"},{"name":"description","type":"string","nullable":true,"comment":"Product description"}]}],"relations":[{"table":"Product","columns":["featuredImageID","featuredImage"],"parent_table":"ProductImage","parent_columns":["id"],"def":"Source: ProductImage"}]}
